2026-01-01 08:39:39 [   DEBUG] matplotlib - matplotlib data path: /home/trieu/anaconda3/envs/squan/lib/python3.10/site-packages/matplotlib/mpl-data
2026-01-01 08:39:39 [   DEBUG] matplotlib - CONFIGDIR=/home/trieu/.config/matplotlib
2026-01-01 08:39:39 [   DEBUG] matplotlib - interactive is False
2026-01-01 08:39:39 [   DEBUG] matplotlib - platform is linux
2026-01-01 08:39:39 [   DEBUG] matplotlib - CACHEDIR=/home/trieu/.cache/matplotlib
2026-01-01 08:39:39 [   DEBUG] matplotlib.font_manager - Using fontManager instance from /home/trieu/.cache/matplotlib/fontlist-v390.json
2026-01-01 08:39:39 [   DEBUG] stevedore._cache - reading /home/trieu/.cache/python-entrypoints/58b89d92ef1024f4b328e166e2f589eb2037d19602395682ef545ef1bddd185f
2026-01-01 08:39:39 [   DEBUG] stevedore.extension - found extension EntryPoint(name='FullAdder.default', value='qiskit.transpiler.passes.synthesis.hls_plugins:FullAdderSynthesisDefault', group='qiskit.synthesis')
2026-01-01 08:39:39 [   DEBUG] stevedore.extension - found extension EntryPoint(name='FullAdder.ripple_c04', value='qiskit.transpiler.passes.synthesis.hls_plugins:FullAdderSynthesisC04', group='qiskit.synthesis')
2026-01-01 08:39:39 [   DEBUG] stevedore.extension - found extension EntryPoint(name='FullAdder.ripple_v95', value='qiskit.transpiler.passes.synthesis.hls_plugins:FullAdderSynthesisV95', group='qiskit.synthesis')
2026-01-01 08:39:39 [   DEBUG] stevedore.extension - found extension EntryPoint(name='HalfAdder.default', value='qiskit.transpiler.passes.synthesis.hls_plugins:HalfAdderSynthesisDefault', group='qiskit.synthesis')
2026-01-01 08:39:39 [   DEBUG] stevedore.extension - found extension EntryPoint(name='HalfAdder.qft_d00', value='qiskit.transpiler.passes.synthesis.hls_plugins:HalfAdderSynthesisD00', group='qiskit.synthesis')
2026-01-01 08:39:39 [   DEBUG] stevedore.extension - found extension EntryPoint(name='HalfAdder.ripple_c04', value='qiskit.transpiler.passes.synthesis.hls_plugins:HalfAdderSynthesisC04', group='qiskit.synthesis')
2026-01-01 08:39:39 [   DEBUG] stevedore.extension - found extension EntryPoint(name='HalfAdder.ripple_v95', value='qiskit.transpiler.passes.synthesis.hls_plugins:HalfAdderSynthesisV95', group='qiskit.synthesis')
2026-01-01 08:39:39 [   DEBUG] stevedore.extension - found extension EntryPoint(name='ModularAdder.default', value='qiskit.transpiler.passes.synthesis.hls_plugins:ModularAdderSynthesisDefault', group='qiskit.synthesis')
2026-01-01 08:39:39 [   DEBUG] stevedore.extension - found extension EntryPoint(name='ModularAdder.qft_d00', value='qiskit.transpiler.passes.synthesis.hls_plugins:ModularAdderSynthesisD00', group='qiskit.synthesis')
2026-01-01 08:39:39 [   DEBUG] stevedore.extension - found extension EntryPoint(name='ModularAdder.ripple_c04', value='qiskit.transpiler.passes.synthesis.hls_plugins:ModularAdderSynthesisC04', group='qiskit.synthesis')
2026-01-01 08:39:39 [   DEBUG] stevedore.extension - found extension EntryPoint(name='ModularAdder.ripple_v95', value='qiskit.transpiler.passes.synthesis.hls_plugins:ModularAdderSynthesisV95', group='qiskit.synthesis')
2026-01-01 08:39:39 [   DEBUG] stevedore.extension - found extension EntryPoint(name='Multiplier.cumulative_h18', value='qiskit.transpiler.passes.synthesis.hls_plugins:MultiplierSynthesisH18', group='qiskit.synthesis')
2026-01-01 08:39:39 [   DEBUG] stevedore.extension - found extension EntryPoint(name='Multiplier.default', value='qiskit.transpiler.passes.synthesis.hls_plugins:MultiplierSynthesisR17', group='qiskit.synthesis')
2026-01-01 08:39:39 [   DEBUG] stevedore.extension - found extension EntryPoint(name='Multiplier.qft_r17', value='qiskit.transpiler.passes.synthesis.hls_plugins:MultiplierSynthesisR17', group='qiskit.synthesis')
2026-01-01 08:39:39 [   DEBUG] stevedore.extension - found extension EntryPoint(name='PauliEvolution.default', value='qiskit.transpiler.passes.synthesis.hls_plugins:PauliEvolutionSynthesisDefault', group='qiskit.synthesis')
2026-01-01 08:39:39 [   DEBUG] stevedore.extension - found extension EntryPoint(name='PauliEvolution.rustiq', value='qiskit.transpiler.passes.synthesis.hls_plugins:PauliEvolutionSynthesisRustiq', group='qiskit.synthesis')
2026-01-01 08:39:39 [   DEBUG] stevedore.extension - found extension EntryPoint(name='clifford.ag', value='qiskit.transpiler.passes.synthesis.hls_plugins:AGSynthesisClifford', group='qiskit.synthesis')
2026-01-01 08:39:39 [   DEBUG] stevedore.extension - found extension EntryPoint(name='clifford.bm', value='qiskit.transpiler.passes.synthesis.hls_plugins:BMSynthesisClifford', group='qiskit.synthesis')
2026-01-01 08:39:39 [   DEBUG] stevedore.extension - found extension EntryPoint(name='clifford.default', value='qiskit.transpiler.passes.synthesis.hls_plugins:DefaultSynthesisClifford', group='qiskit.synthesis')
2026-01-01 08:39:39 [   DEBUG] stevedore.extension - found extension EntryPoint(name='clifford.greedy', value='qiskit.transpiler.passes.synthesis.hls_plugins:GreedySynthesisClifford', group='qiskit.synthesis')
2026-01-01 08:39:39 [   DEBUG] stevedore.extension - found extension EntryPoint(name='clifford.layers', value='qiskit.transpiler.passes.synthesis.hls_plugins:LayerSynthesisClifford', group='qiskit.synthesis')
2026-01-01 08:39:39 [   DEBUG] stevedore.extension - found extension EntryPoint(name='clifford.lnn', value='qiskit.transpiler.passes.synthesis.hls_plugins:LayerLnnSynthesisClifford', group='qiskit.synthesis')
2026-01-01 08:39:39 [   DEBUG] stevedore.extension - found extension EntryPoint(name='linear_function.default', value='qiskit.transpiler.passes.synthesis.hls_plugins:DefaultSynthesisLinearFunction', group='qiskit.synthesis')
2026-01-01 08:39:39 [   DEBUG] stevedore.extension - found extension EntryPoint(name='linear_function.kms', value='qiskit.transpiler.passes.synthesis.hls_plugins:KMSSynthesisLinearFunction', group='qiskit.synthesis')
2026-01-01 08:39:39 [   DEBUG] stevedore.extension - found extension EntryPoint(name='linear_function.pmh', value='qiskit.transpiler.passes.synthesis.hls_plugins:PMHSynthesisLinearFunction', group='qiskit.synthesis')
2026-01-01 08:39:39 [   DEBUG] stevedore.extension - found extension EntryPoint(name='mcmt.default', value='qiskit.transpiler.passes.synthesis.hls_plugins:MCMTSynthesisDefault', group='qiskit.synthesis')
2026-01-01 08:39:39 [   DEBUG] stevedore.extension - found extension EntryPoint(name='mcmt.noaux', value='qiskit.transpiler.passes.synthesis.hls_plugins:MCMTSynthesisNoAux', group='qiskit.synthesis')
2026-01-01 08:39:39 [   DEBUG] stevedore.extension - found extension EntryPoint(name='mcmt.vchain', value='qiskit.transpiler.passes.synthesis.hls_plugins:MCMTSynthesisVChain', group='qiskit.synthesis')
2026-01-01 08:39:39 [   DEBUG] stevedore.extension - found extension EntryPoint(name='mcx.1_clean_b95', value='qiskit.transpiler.passes.synthesis.hls_plugins:MCXSynthesis1CleanB95', group='qiskit.synthesis')
2026-01-01 08:39:39 [   DEBUG] stevedore.extension - found extension EntryPoint(name='mcx.default', value='qiskit.transpiler.passes.synthesis.hls_plugins:MCXSynthesisDefault', group='qiskit.synthesis')
2026-01-01 08:39:39 [   DEBUG] stevedore.extension - found extension EntryPoint(name='mcx.gray_code', value='qiskit.transpiler.passes.synthesis.hls_plugins:MCXSynthesisGrayCode', group='qiskit.synthesis')
2026-01-01 08:39:39 [   DEBUG] stevedore.extension - found extension EntryPoint(name='mcx.n_clean_m15', value='qiskit.transpiler.passes.synthesis.hls_plugins:MCXSynthesisNCleanM15', group='qiskit.synthesis')
2026-01-01 08:39:39 [   DEBUG] stevedore.extension - found extension EntryPoint(name='mcx.n_dirty_i15', value='qiskit.transpiler.passes.synthesis.hls_plugins:MCXSynthesisNDirtyI15', group='qiskit.synthesis')
2026-01-01 08:39:39 [   DEBUG] stevedore.extension - found extension EntryPoint(name='mcx.noaux_v24', value='qiskit.transpiler.passes.synthesis.hls_plugins:MCXSynthesisNoAuxV24', group='qiskit.synthesis')
2026-01-01 08:39:39 [   DEBUG] stevedore.extension - found extension EntryPoint(name='permutation.acg', value='qiskit.transpiler.passes.synthesis.hls_plugins:ACGSynthesisPermutation', group='qiskit.synthesis')
2026-01-01 08:39:39 [   DEBUG] stevedore.extension - found extension EntryPoint(name='permutation.basic', value='qiskit.transpiler.passes.synthesis.hls_plugins:BasicSynthesisPermutation', group='qiskit.synthesis')
2026-01-01 08:39:39 [   DEBUG] stevedore.extension - found extension EntryPoint(name='permutation.default', value='qiskit.transpiler.passes.synthesis.hls_plugins:BasicSynthesisPermutation', group='qiskit.synthesis')
2026-01-01 08:39:39 [   DEBUG] stevedore.extension - found extension EntryPoint(name='permutation.kms', value='qiskit.transpiler.passes.synthesis.hls_plugins:KMSSynthesisPermutation', group='qiskit.synthesis')
2026-01-01 08:39:39 [   DEBUG] stevedore.extension - found extension EntryPoint(name='permutation.token_swapper', value='qiskit.transpiler.passes.synthesis.hls_plugins:TokenSwapperSynthesisPermutation', group='qiskit.synthesis')
2026-01-01 08:39:39 [   DEBUG] stevedore.extension - found extension EntryPoint(name='qft.default', value='qiskit.transpiler.passes.synthesis.hls_plugins:QFTSynthesisFull', group='qiskit.synthesis')
2026-01-01 08:39:39 [   DEBUG] stevedore.extension - found extension EntryPoint(name='qft.full', value='qiskit.transpiler.passes.synthesis.hls_plugins:QFTSynthesisFull', group='qiskit.synthesis')
2026-01-01 08:39:39 [   DEBUG] stevedore.extension - found extension EntryPoint(name='qft.line', value='qiskit.transpiler.passes.synthesis.hls_plugins:QFTSynthesisLine', group='qiskit.synthesis')
2026-01-01 08:39:39 [   DEBUG] stevedore.extension - found extension EntryPoint(name='FullAdder.default', value='qiskit.transpiler.passes.synthesis.hls_plugins:FullAdderSynthesisDefault', group='qiskit.synthesis')
2026-01-01 08:39:39 [   DEBUG] stevedore.extension - found extension EntryPoint(name='FullAdder.ripple_c04', value='qiskit.transpiler.passes.synthesis.hls_plugins:FullAdderSynthesisC04', group='qiskit.synthesis')
2026-01-01 08:39:39 [   DEBUG] stevedore.extension - found extension EntryPoint(name='FullAdder.ripple_v95', value='qiskit.transpiler.passes.synthesis.hls_plugins:FullAdderSynthesisV95', group='qiskit.synthesis')
2026-01-01 08:39:39 [   DEBUG] stevedore.extension - found extension EntryPoint(name='HalfAdder.default', value='qiskit.transpiler.passes.synthesis.hls_plugins:HalfAdderSynthesisDefault', group='qiskit.synthesis')
2026-01-01 08:39:39 [   DEBUG] stevedore.extension - found extension EntryPoint(name='HalfAdder.qft_d00', value='qiskit.transpiler.passes.synthesis.hls_plugins:HalfAdderSynthesisD00', group='qiskit.synthesis')
2026-01-01 08:39:39 [   DEBUG] stevedore.extension - found extension EntryPoint(name='HalfAdder.ripple_c04', value='qiskit.transpiler.passes.synthesis.hls_plugins:HalfAdderSynthesisC04', group='qiskit.synthesis')
2026-01-01 08:39:39 [   DEBUG] stevedore.extension - found extension EntryPoint(name='HalfAdder.ripple_v95', value='qiskit.transpiler.passes.synthesis.hls_plugins:HalfAdderSynthesisV95', group='qiskit.synthesis')
2026-01-01 08:39:39 [   DEBUG] stevedore.extension - found extension EntryPoint(name='ModularAdder.default', value='qiskit.transpiler.passes.synthesis.hls_plugins:ModularAdderSynthesisDefault', group='qiskit.synthesis')
2026-01-01 08:39:39 [   DEBUG] stevedore.extension - found extension EntryPoint(name='ModularAdder.qft_d00', value='qiskit.transpiler.passes.synthesis.hls_plugins:ModularAdderSynthesisD00', group='qiskit.synthesis')
2026-01-01 08:39:39 [   DEBUG] stevedore.extension - found extension EntryPoint(name='ModularAdder.ripple_c04', value='qiskit.transpiler.passes.synthesis.hls_plugins:ModularAdderSynthesisC04', group='qiskit.synthesis')
2026-01-01 08:39:39 [   DEBUG] stevedore.extension - found extension EntryPoint(name='ModularAdder.ripple_v95', value='qiskit.transpiler.passes.synthesis.hls_plugins:ModularAdderSynthesisV95', group='qiskit.synthesis')
2026-01-01 08:39:39 [   DEBUG] stevedore.extension - found extension EntryPoint(name='Multiplier.cumulative_h18', value='qiskit.transpiler.passes.synthesis.hls_plugins:MultiplierSynthesisH18', group='qiskit.synthesis')
2026-01-01 08:39:39 [   DEBUG] stevedore.extension - found extension EntryPoint(name='Multiplier.default', value='qiskit.transpiler.passes.synthesis.hls_plugins:MultiplierSynthesisR17', group='qiskit.synthesis')
2026-01-01 08:39:39 [   DEBUG] stevedore.extension - found extension EntryPoint(name='Multiplier.qft_r17', value='qiskit.transpiler.passes.synthesis.hls_plugins:MultiplierSynthesisR17', group='qiskit.synthesis')
2026-01-01 08:39:39 [   DEBUG] stevedore.extension - found extension EntryPoint(name='PauliEvolution.default', value='qiskit.transpiler.passes.synthesis.hls_plugins:PauliEvolutionSynthesisDefault', group='qiskit.synthesis')
2026-01-01 08:39:39 [   DEBUG] stevedore.extension - found extension EntryPoint(name='PauliEvolution.rustiq', value='qiskit.transpiler.passes.synthesis.hls_plugins:PauliEvolutionSynthesisRustiq', group='qiskit.synthesis')
2026-01-01 08:39:39 [   DEBUG] stevedore.extension - found extension EntryPoint(name='clifford.ag', value='qiskit.transpiler.passes.synthesis.hls_plugins:AGSynthesisClifford', group='qiskit.synthesis')
2026-01-01 08:39:39 [   DEBUG] stevedore.extension - found extension EntryPoint(name='clifford.bm', value='qiskit.transpiler.passes.synthesis.hls_plugins:BMSynthesisClifford', group='qiskit.synthesis')
2026-01-01 08:39:39 [   DEBUG] stevedore.extension - found extension EntryPoint(name='clifford.default', value='qiskit.transpiler.passes.synthesis.hls_plugins:DefaultSynthesisClifford', group='qiskit.synthesis')
2026-01-01 08:39:39 [   DEBUG] stevedore.extension - found extension EntryPoint(name='clifford.greedy', value='qiskit.transpiler.passes.synthesis.hls_plugins:GreedySynthesisClifford', group='qiskit.synthesis')
2026-01-01 08:39:39 [   DEBUG] stevedore.extension - found extension EntryPoint(name='clifford.layers', value='qiskit.transpiler.passes.synthesis.hls_plugins:LayerSynthesisClifford', group='qiskit.synthesis')
2026-01-01 08:39:39 [   DEBUG] stevedore.extension - found extension EntryPoint(name='clifford.lnn', value='qiskit.transpiler.passes.synthesis.hls_plugins:LayerLnnSynthesisClifford', group='qiskit.synthesis')
2026-01-01 08:39:39 [   DEBUG] stevedore.extension - found extension EntryPoint(name='linear_function.default', value='qiskit.transpiler.passes.synthesis.hls_plugins:DefaultSynthesisLinearFunction', group='qiskit.synthesis')
2026-01-01 08:39:39 [   DEBUG] stevedore.extension - found extension EntryPoint(name='linear_function.kms', value='qiskit.transpiler.passes.synthesis.hls_plugins:KMSSynthesisLinearFunction', group='qiskit.synthesis')
2026-01-01 08:39:39 [   DEBUG] stevedore.extension - found extension EntryPoint(name='linear_function.pmh', value='qiskit.transpiler.passes.synthesis.hls_plugins:PMHSynthesisLinearFunction', group='qiskit.synthesis')
2026-01-01 08:39:39 [   DEBUG] stevedore.extension - found extension EntryPoint(name='mcmt.default', value='qiskit.transpiler.passes.synthesis.hls_plugins:MCMTSynthesisDefault', group='qiskit.synthesis')
2026-01-01 08:39:39 [   DEBUG] stevedore.extension - found extension EntryPoint(name='mcmt.noaux', value='qiskit.transpiler.passes.synthesis.hls_plugins:MCMTSynthesisNoAux', group='qiskit.synthesis')
2026-01-01 08:39:39 [   DEBUG] stevedore.extension - found extension EntryPoint(name='mcmt.vchain', value='qiskit.transpiler.passes.synthesis.hls_plugins:MCMTSynthesisVChain', group='qiskit.synthesis')
2026-01-01 08:39:39 [   DEBUG] stevedore.extension - found extension EntryPoint(name='mcx.1_clean_b95', value='qiskit.transpiler.passes.synthesis.hls_plugins:MCXSynthesis1CleanB95', group='qiskit.synthesis')
2026-01-01 08:39:39 [   DEBUG] stevedore.extension - found extension EntryPoint(name='mcx.default', value='qiskit.transpiler.passes.synthesis.hls_plugins:MCXSynthesisDefault', group='qiskit.synthesis')
2026-01-01 08:39:39 [   DEBUG] stevedore.extension - found extension EntryPoint(name='mcx.gray_code', value='qiskit.transpiler.passes.synthesis.hls_plugins:MCXSynthesisGrayCode', group='qiskit.synthesis')
2026-01-01 08:39:39 [   DEBUG] stevedore.extension - found extension EntryPoint(name='mcx.n_clean_m15', value='qiskit.transpiler.passes.synthesis.hls_plugins:MCXSynthesisNCleanM15', group='qiskit.synthesis')
2026-01-01 08:39:39 [   DEBUG] stevedore.extension - found extension EntryPoint(name='mcx.n_dirty_i15', value='qiskit.transpiler.passes.synthesis.hls_plugins:MCXSynthesisNDirtyI15', group='qiskit.synthesis')
2026-01-01 08:39:39 [   DEBUG] stevedore.extension - found extension EntryPoint(name='mcx.noaux_v24', value='qiskit.transpiler.passes.synthesis.hls_plugins:MCXSynthesisNoAuxV24', group='qiskit.synthesis')
2026-01-01 08:39:39 [   DEBUG] stevedore.extension - found extension EntryPoint(name='permutation.acg', value='qiskit.transpiler.passes.synthesis.hls_plugins:ACGSynthesisPermutation', group='qiskit.synthesis')
2026-01-01 08:39:39 [   DEBUG] stevedore.extension - found extension EntryPoint(name='permutation.basic', value='qiskit.transpiler.passes.synthesis.hls_plugins:BasicSynthesisPermutation', group='qiskit.synthesis')
2026-01-01 08:39:39 [   DEBUG] stevedore.extension - found extension EntryPoint(name='permutation.default', value='qiskit.transpiler.passes.synthesis.hls_plugins:BasicSynthesisPermutation', group='qiskit.synthesis')
2026-01-01 08:39:39 [   DEBUG] stevedore.extension - found extension EntryPoint(name='permutation.kms', value='qiskit.transpiler.passes.synthesis.hls_plugins:KMSSynthesisPermutation', group='qiskit.synthesis')
2026-01-01 08:39:39 [   DEBUG] stevedore.extension - found extension EntryPoint(name='permutation.token_swapper', value='qiskit.transpiler.passes.synthesis.hls_plugins:TokenSwapperSynthesisPermutation', group='qiskit.synthesis')
2026-01-01 08:39:39 [   DEBUG] stevedore.extension - found extension EntryPoint(name='qft.default', value='qiskit.transpiler.passes.synthesis.hls_plugins:QFTSynthesisFull', group='qiskit.synthesis')
2026-01-01 08:39:39 [   DEBUG] stevedore.extension - found extension EntryPoint(name='qft.full', value='qiskit.transpiler.passes.synthesis.hls_plugins:QFTSynthesisFull', group='qiskit.synthesis')
2026-01-01 08:39:39 [   DEBUG] stevedore.extension - found extension EntryPoint(name='qft.line', value='qiskit.transpiler.passes.synthesis.hls_plugins:QFTSynthesisLine', group='qiskit.synthesis')
